\BOOKMARK [1][-]{section*.2}{\376\377\000I\000n\000t\000r\000o\000d\000u\000c\000t\000i\000o\000n}{}% 1
\BOOKMARK [1][-]{section.1}{\376\377\000P\000e\000r\000-\000S\000l\000i\000c\000e\000\040\000I\000Q\000M\000s\000\040\000\050\000F\000o\000r\000e\000g\000r\000o\000u\000n\000d\000\040\000/\000\040\000B\000a\000c\000k\000g\000r\000o\000u\000n\000d\000\040\000p\000i\000x\000e\000l\000s\000\051}{}% 2
\BOOKMARK [2][-]{subsection.1.1}{\376\377\000M\000e\000a\000n\000\040\000\050\000M\000E\000A\000N\000\051}{section.1}% 3
\BOOKMARK [2][-]{subsection.1.2}{\376\377\000R\000a\000n\000g\000e\000\040\000\050\000R\000N\000G\000\051}{section.1}% 4
\BOOKMARK [2][-]{subsection.1.3}{\376\377\000V\000a\000r\000i\000a\000n\000c\000e\000\040\000\050\000V\000A\000R\000\051}{section.1}% 5
\BOOKMARK [2][-]{subsection.1.4}{\376\377\000C\000o\000e\000f\000f\000i\000c\000i\000e\000n\000t\000\040\000o\000f\000\040\000V\000a\000r\000i\000a\000t\000i\000o\000n\000\040\000\050\000C\000V\000\051}{section.1}% 6
\BOOKMARK [2][-]{subsection.1.5}{\376\377\000C\000o\000n\000t\000r\000a\000s\000t\000\040\000p\000e\000r\000\040\000P\000i\000x\000e\000l\000\040\000\050\000C\000P\000P\000\051}{section.1}% 7
\BOOKMARK [2][-]{subsection.1.6}{\376\377\000P\000e\000a\000k\000\040\000S\000i\000g\000n\000a\000l\000-\000t\000o\000-\000N\000o\000i\000s\000e\000\040\000R\000a\000t\000i\000o\000\040\000\050\000P\000S\000N\000R\000\051}{section.1}% 8
\BOOKMARK [2][-]{subsection.1.7}{\376\377\000S\000N\000R\0001}{section.1}% 9
\BOOKMARK [2][-]{subsection.1.8}{\376\377\000S\000N\000R\0002}{section.1}% 10
\BOOKMARK [2][-]{subsection.1.9}{\376\377\000S\000N\000R\0003}{section.1}% 11
\BOOKMARK [2][-]{subsection.1.10}{\376\377\000S\000N\000R\0004}{section.1}% 12
\BOOKMARK [2][-]{subsection.1.11}{\376\377\000C\000o\000n\000t\000r\000a\000s\000t\000-\000t\000o\000-\000N\000o\000i\000s\000e\000\040\000R\000a\000t\000i\000o\000\040\000\050\000C\000N\000R\000\051}{section.1}% 13
\BOOKMARK [2][-]{subsection.1.12}{\376\377\000P\000a\000t\000c\000h\000\040\000C\000o\000e\000f\000f\000i\000c\000i\000e\000n\000t\000\040\000o\000f\000\040\000V\000a\000r\000i\000a\000t\000i\000o\000n\000\040\000\050\000C\000V\000P\000\051}{section.1}% 14
\BOOKMARK [2][-]{subsection.1.13}{\376\377\000C\000o\000e\000f\000f\000i\000c\000i\000e\000n\000t\000\040\000o\000f\000\040\000J\000o\000i\000n\000t\000\040\000V\000a\000r\000i\000a\000t\000i\000o\000n\000\040\000\050\000C\000J\000V\000\051}{section.1}% 15
\BOOKMARK [2][-]{subsection.1.14}{\376\377\000E\000n\000t\000r\000o\000p\000y\000\040\000F\000o\000c\000u\000s\000\040\000C\000r\000i\000t\000e\000r\000i\000o\000n\000\040\000\050\000E\000F\000C\000\051}{section.1}% 16
\BOOKMARK [2][-]{subsection.1.15}{\376\377\000F\000o\000r\000e\000g\000r\000o\000u\000n\000d\000-\000B\000a\000c\000k\000g\000r\000o\000u\000n\000d\000\040\000E\000n\000e\000r\000g\000y\000\040\000R\000a\000t\000i\000o\000\040\000\050\000F\000B\000E\000R\000\051}{section.1}% 17
\BOOKMARK [2][-]{subsection.1.16}{\376\377\000S\000k\000e\000w\000n\000e\000s\000s\000\040\000\050\000S\000K\000W\000\051}{section.1}% 18
\BOOKMARK [2][-]{subsection.1.17}{\376\377\000E\000x\000c\000e\000s\000s\000\040\000K\000u\000r\000t\000o\000s\000i\000s\000\040\000\050\000K\000U\000R\000T\000\051}{section.1}% 19
\BOOKMARK [1][-]{section.2}{\376\377\000P\000a\000r\000t\000i\000c\000i\000p\000a\000n\000t\000-\000L\000e\000v\000e\000l\000\040\000Q\000C}{}% 20
\BOOKMARK [2][-]{subsection.2.1}{\376\377\000F\000a\000i\000l\000u\000r\000e\000\040\000C\000o\000u\000n\000t\000\040\000\050\000F\000A\000I\000L\000\137\000F\000R\000A\000C\000\051}{section.2}% 21
\BOOKMARK [1][-]{section*.3}{\376\377\000R\000e\000f\000e\000r\000e\000n\000c\000e\000s}{}% 22
